Microchip MPLAB XC8 Compiler V2.32

Linker command line:

-W-3 --edf=C:\Program Files\Microchip\xc8\v2.32\pic\dat\en_msgs.txt -cn \
  -h+dist/default/production\PQDB_trabFinal.X.production.sym \
  --cmf=dist/default/production\PQDB_trabFinal.X.production.cmf -z \
  -Q18F4520 -oC:\Users\YANNMA~1\AppData\Local\Temp\xcAs2rm0.4 \
  --defsym=__MPLAB_BUILD=1 \
  -Mdist/default/production/PQDB_trabFinal.X.production.map -E1 \
  -ver=XC8 Compiler --acfsm=1493 -ASTACK=082h-05FFh -pstack=STACK \
  -ACODE=00h-07FFFh -ACONST=00h-07FFFh -ASMALLCONST=0600h-06FFhx122 \
  -AMEDIUMCONST=0600h-07FFFh -ACOMRAM=01h-07Fh -AABS1=00h-05FFh \
  -ABIGRAM=01h-05FFh -ARAM=080h-0FFh,0100h-01FFhx5 -ABANK0=080h-0FFh \
  -ABANK1=0100h-01FFh -ABANK2=0200h-02FFh -ABANK3=0300h-03FFh \
  -ABANK4=0400h-04FFh -ABANK5=0500h-05FFh -ASFR=0F80h-0FFFh \
  -ACONFIG=0300000h-030000Dh -AIDLOC=0200000h-0200007h \
  -AEEDATA=0F00000h-0F000FFh -peeprom_data=EEDATA \
  -preset_vec=00h,intcode,intcodelo,powerup,init -pramtop=0600h \
  -psmallconst=SMALLCONST -pmediumconst=MEDIUMCONST -pconst=CONST \
  -AFARRAM=00h-00h \
  -prdata=COMRAM,nvrram=COMRAM,nvbit=COMRAM,rbss=COMRAM,rbit=COMRAM \
  -pfarbss=FARRAM,fardata=FARRAM,nvFARRAM=FARRAM \
  -pintsave_regs=BIGRAM,bigbss=BIGRAM,bigdata=BIGRAM -pbss=RAM \
  -pidata=CODE,irdata=CODE,ibigdata=CODE,ifardata=CODE -prparam=COMRAM \
  C:\Users\YANNMA~1\AppData\Local\Temp\xcAs2rm0.o \
  dist/default/production\PQDB_trabFinal.X.production.o 

Object code version is 3.11

Machine type is 18F4520



                Name                               Link     Load   Length Selector   Space Scale
C:\Users\YANNMA~1\AppData\Local\Temp\xcAs2rm0.o
                idloc                            200000   200000        8        0       5
                config                           300000   300000        E        0       4
                init                                  0        0        4        0       0
dist/default/production\PQDB_trabFinal.X.production.o
                idloc                            200000   200000        8        0       5
                config                           300000   300000        E        0       4
                smallconst                          600      600       1C      300       0
                text40                             22B2     22B2       B0      30E       0
                text39                             11F4     11F4      39A      30E       0
                text38                              DCA      DCA      42A      30E       0
                text37                             20F8     20F8      106      30E       0
                text36                             2362     2362       A4      30E       0
                text35                             2406     2406       88      30E       0
                text34                             1A2A     1A2A      1B4      30E       0
                text33                             17DC     17DC      24E      30E       0
                text32                             2714     2714       48      30E       0
                text31                             2676     2676       50      30E       0
                text30                             1D4A     1D4A      16A      30E       0
                text29                             158E     158E      24E      30E       0
                text28                             28A2     28A2       2A      30E       0
                text27                             2878     2878       2A      30E       0
                text26                             26C6     26C6       4E      30E       0
                text25                             1EB4     1EB4      138      30E       0
                text24                             279E     279E       3E      30E       0
                text23                             2816     2816       32      30E       0
                text22                             29E2     29E2        A      30E       0
                text21                             29F4     29F4        2      30E       0
                text20                             275C     275C       42      30E       0
                text19                             256E     256E       5A      30E       0
                text18                             297E     297E       1E      30E       0
                text17                             2848     2848       30      30E       0
                text16                             2960     2960       1E      30E       0
                text15                             2918     2918       26      30E       0
                text14                             21FE     21FE       B4      30E       0
                text13                             27DC     27DC       3A      30E       0
                text12                             1FEC     1FEC      10C      30E       0
                text11                             28F2     28F2       26      30E       0
                text10                             29B8     29B8       1A      30E       0
                text9                              248E     248E       74      30E       0
                text8                              28CC     28CC       26      30E       0
                text7                              2502     2502       6C      30E       0
                text6                              25C8     25C8       58      30E       0
                text5                              2620     2620       56      30E       0
                text4                              1BDE     1BDE      16C      30E       0
                text3                              29EC     29EC        8      30E       0
                text2                              293E     293E       22      30E       0
                text1                              29D2     29D2       10      30E       0
                text0                               61C      61C      7AE      30E       0
                cstackCOMRAM                          1        1       74        1       1
                bssBANK0                             80       80        2       80       1
                bssCOMRAM                            75       75        A        1       1
                cinit                              299C     299C       1C      30E       0

TOTAL           Name                               Link     Load   Length     Space
        CLASS   STACK          

        CLASS   CODE           
                init                                  0        0        4         0
                text40                             22B2     22B2       B0         0
                text39                             11F4     11F4      39A         0
                text38                              DCA      DCA      42A         0
                text37                             20F8     20F8      106         0
                text36                             2362     2362       A4         0
                text35                             2406     2406       88         0
                text34                             1A2A     1A2A      1B4         0
                text33                             17DC     17DC      24E         0
                text32                             2714     2714       48         0
                text31                             2676     2676       50         0
                text30                             1D4A     1D4A      16A         0
                text29                             158E     158E      24E         0
                text28                             28A2     28A2       2A         0
                text27                             2878     2878       2A         0
                text26                             26C6     26C6       4E         0
                text25                             1EB4     1EB4      138         0
                text24                             279E     279E       3E         0
                text23                             2816     2816       32         0
                text22                             29E2     29E2        A         0
                text21                             29F4     29F4        2         0
                text20                             275C     275C       42         0
                text19                             256E     256E       5A         0
                text18                             297E     297E       1E         0
                text17                             2848     2848       30         0
                text16                             2960     2960       1E         0
                text15                             2918     2918       26         0
                text14                             21FE     21FE       B4         0
                text13                             27DC     27DC       3A         0
                text12                             1FEC     1FEC      10C         0
                text11                             28F2     28F2       26         0
                text10                             29B8     29B8       1A         0
                text9                              248E     248E       74         0
                text8                              28CC     28CC       26         0
                text7                              2502     2502       6C         0
                text6                              25C8     25C8       58         0
                text5                              2620     2620       56         0
                text4                              1BDE     1BDE      16C         0
                text3                              29EC     29EC        8         0
                text2                              293E     293E       22         0
                text1                              29D2     29D2       10         0
                text0                               61C      61C      7AE         0
                cinit                              299C     299C       1C         0

        CLASS   CONST          

        CLASS   SMALLCONST     
                smallconst                          600      600       1C         0

        CLASS   MEDIUMCONST    

        CLASS   COMRAM         
                cstackCOMRAM                          1        1       74         1
                bssCOMRAM                            75       75        A         1

        CLASS   ABS1           

        CLASS   BIGRAM         

        CLASS   RAM            

        CLASS   BANK0          
                bssBANK0                             80       80        2         1

        CLASS   BANK1          

        CLASS   BANK2          

        CLASS   BANK3          

        CLASS   BANK4          

        CLASS   BANK5          

        CLASS   SFR            

        CLASS   CONFIG         
                config                           300000   300000        E         4

        CLASS   IDLOC          
                idloc                            200000   200000        8         5

        CLASS   EEDATA         

        CLASS   FARRAM         



SEGMENTS        Name                           Load    Length   Top    Selector   Space  Class

                reset_vec                      000000  000004  000004         0       0  CODE    
                cstackCOMRAM                   000001  00007E  00007F         1       1  COMRAM  
                bssBANK0                       000080  000002  000082        80       1  BANK0   
                smallconst                     000600  00001C  00061C       300       0  SMALLCON
                text0                          00061C  0023DA  0029F6       30E       0  CODE    


UNUSED ADDRESS RANGES

        Name                Unused          Largest block    Delta
        BANK0            000082-0000FF               7E
        BANK1            000100-0001FF              100
        BANK2            000200-0002FF              100
        BANK3            000300-0003FF              100
        BANK4            000400-0004FF              100
        BANK5            000500-0005FF              100
        BIGRAM           00007F-00007F                1
                         000082-0005FF              57E
        CODE             000004-0005FF              5FC
                         0029F6-007FFF             560A
        COMRAM           00007F-00007F                1
        CONST            000004-0005FF              5FC
                         0029F6-007FFF             560A
        EEDATA           F00000-F000FF              100
        MEDIUMCONST      0029F6-007FFF             560A
        RAM              000082-0005FF              100
        SFR              000F80-000FFF               80
        SMALLCONST       0029F6-007FFF              100
        STACK            000082-0005FF              57E

                                  Symbol Table

?___aldiv                cstackCOMRAM 000001
?___awmod                cstackCOMRAM 00004B
?___fldiv                cstackCOMRAM 000028
?___flmul                cstackCOMRAM 00000F
?___fltol                cstackCOMRAM 000041
?___lldiv                cstackCOMRAM 000001
?___llmod                cstackCOMRAM 00000E
?___lwdiv                cstackCOMRAM 000001
?___wmul                 cstackCOMRAM 000001
?___xxtofl               cstackCOMRAM 000001
?_adcRead                cstackCOMRAM 000001
?_digitalRead            cstackCOMRAM 000001
?_kpRead                 cstackCOMRAM 000001
_ADCON0                  (abs)        000FC2
_ADCON1                  (abs)        000FC1
_ADCON2                  (abs)        000FC0
_ADRESH                  (abs)        000FC4
_ADRESL                  (abs)        000FC3
_CCP2CON                 (abs)        000FBA
_CCPR2L                  (abs)        000FBB
_INTCON                  (abs)        000FF2
_PORTA                   (abs)        000F80
_PORTB                   (abs)        000F81
_PORTC                   (abs)        000F82
_PORTD                   (abs)        000F83
_PORTE                   (abs)        000F84
_PR2                     (abs)        000FCB
_PulseClockData          text28       0028A2
_PulseEnClock            text27       002878
_T0CON                   (abs)        000FD5
_T2CON                   (abs)        000FCA
_TMR0H                   (abs)        000FD7
_TMR0L                   (abs)        000FD6
_TRISA                   (abs)        000F92
_TRISB                   (abs)        000F93
_TRISC                   (abs)        000F94
_TRISD                   (abs)        000F95
_TRISE                   (abs)        000F96
__HRAM                   (abs)        000000
__Habs1                  abs1         000000
__Hbank0                 bank0        000000
__Hbank1                 bank1        000000
__Hbank2                 bank2        000000
__Hbank3                 bank3        000000
__Hbank4                 bank4        000000
__Hbank5                 bank5        000000
__Hbigbss                bigbss       000000
__Hbigdata               bigdata      000000
__Hbigram                bigram       000000
__Hbss                   bss          000000
__HbssBANK0              bssBANK0     000000
__HbssCOMRAM             bssCOMRAM    000000
__Hcinit                 cinit        000000
__Hclrtext               clrtext      000000
__Hcomram                comram       000000
__Hconfig                config       30000E
__Hconst                 const        000000
__HcstackCOMRAM          cstackCOMRAM 000000
__Hdata                  data         000000
__Heeprom_data           eeprom_data  000000
__Hfarbss                farbss       000000
__Hfardata               fardata      000000
__Hibigdata              ibigdata     000000
__Hidata                 idata        000000
__Hidloc                 idloc        200008
__Hifardata              ifardata     000000
__Hinit                  init         000004
__Hintcode               intcode      000000
__Hintcode_body          intcode_body 000000
__Hintcodelo             intcodelo    000000
__Hintentry              intentry     000000
__Hintret                intret       000000
__Hintsave_regs          intsave_regs 000000
__Hirdata                irdata       000000
__Hmediumconst           mediumconst  000000
__HnvFARRAM              nvFARRAM     000000
__Hnvbit                 nvbit        000000
__Hnvrram                nvrram       000000
__Hparam                 rparam       000000
__Hpowerup               powerup      000000
__Hram                   ram          000000
__Hramtop                ramtop       000600
__Hrbit                  rbit         000000
__Hrbss                  rbss         000000
__Hrdata                 rdata        000000
__Hreset_vec             reset_vec    000000
__Hrparam                rparam       000000
__Hsfr                   sfr          000000
__Hsmallconst            smallconst   00061C
__Hspace_0               (abs)        0029F6
__Hspace_1               (abs)        000082
__Hspace_2               (abs)        000000
__Hspace_4               (abs)        60000E
__Hstack                 stack        000000
__Hstruct                struct       000000
__Htemp                  temp         000000
__Htext                  text         000000
__Htext0                 text0        000000
__Htext1                 text1        000000
__Htext10                text10       000000
__Htext11                text11       000000
__Htext12                text12       000000
__Htext13                text13       000000
__Htext14                text14       000000
__Htext15                text15       000000
__Htext16                text16       000000
__Htext17                text17       000000
__Htext18                text18       000000
__Htext19                text19       000000
__Htext2                 text2        000000
__Htext20                text20       000000
__Htext21                text21       000000
__Htext22                text22       000000
__Htext23                text23       000000
__Htext24                text24       000000
__Htext25                text25       000000
__Htext26                text26       000000
__Htext27                text27       000000
__Htext28                text28       000000
__Htext29                text29       000000
__Htext3                 text3        000000
__Htext30                text30       000000
__Htext31                text31       000000
__Htext32                text32       000000
__Htext33                text33       000000
__Htext34                text34       000000
__Htext35                text35       000000
__Htext36                text36       000000
__Htext37                text37       000000
__Htext38                text38       000000
__Htext39                text39       000000
__Htext4                 text4        000000
__Htext40                text40       000000
__Htext5                 text5        000000
__Htext6                 text6        000000
__Htext7                 text7        000000
__Htext8                 text8        000000
__Htext9                 text9        000000
__LRAM                   (abs)        000001
__Labs1                  abs1         000000
__Lbank0                 bank0        000000
__Lbank1                 bank1        000000
__Lbank2                 bank2        000000
__Lbank3                 bank3        000000
__Lbank4                 bank4        000000
__Lbank5                 bank5        000000
__Lbigbss                bigbss       000000
__Lbigdata               bigdata      000000
__Lbigram                bigram       000000
__Lbss                   bss          000000
__LbssBANK0              bssBANK0     000000
__LbssCOMRAM             bssCOMRAM    000000
__Lcinit                 cinit        000000
__Lclrtext               clrtext      000000
__Lcomram                comram       000000
__Lconfig                config       000000
__Lconst                 const        000000
__LcstackCOMRAM          cstackCOMRAM 000000
__Ldata                  data         000000
__Leeprom_data           eeprom_data  000000
__Lfarbss                farbss       000000
__Lfardata               fardata      000000
__Libigdata              ibigdata     000000
__Lidata                 idata        000000
__Lidloc                 idloc        000000
__Lifardata              ifardata     000000
__Linit                  init         000000
__Lintcode               intcode      000000
__Lintcode_body          intcode_body 000000
__Lintcodelo             intcodelo    000000
__Lintentry              intentry     000000
__Lintret                intret       000000
__Lintsave_regs          intsave_regs 000000
__Lirdata                irdata       000000
__Lmediumconst           mediumconst  000000
__LnvFARRAM              nvFARRAM     000000
__Lnvbit                 nvbit        000000
__Lnvrram                nvrram       000000
__Lparam                 rparam       000000
__Lpowerup               powerup      000000
__Lram                   ram          000000
__Lramtop                ramtop       000600
__Lrbit                  rbit         000000
__Lrbss                  rbss         000000
__Lrdata                 rdata        000000
__Lreset_vec             reset_vec    000000
__Lrparam                rparam       000000
__Lsfr                   sfr          000000
__Lsmallconst            smallconst   000600
__Lspace_0               (abs)        000000
__Lspace_1               (abs)        000000
__Lspace_2               (abs)        000000
__Lspace_4               (abs)        000000
__Lstack                 stack        000000
__Lstruct                struct       000000
__Ltemp                  temp         000000
__Ltext                  text         000000
__Ltext0                 text0        000000
__Ltext1                 text1        000000
__Ltext10                text10       000000
__Ltext11                text11       000000
__Ltext12                text12       000000
__Ltext13                text13       000000
__Ltext14                text14       000000
__Ltext15                text15       000000
__Ltext16                text16       000000
__Ltext17                text17       000000
__Ltext18                text18       000000
__Ltext19                text19       000000
__Ltext2                 text2        000000
__Ltext20                text20       000000
__Ltext21                text21       000000
__Ltext22                text22       000000
__Ltext23                text23       000000
__Ltext24                text24       000000
__Ltext25                text25       000000
__Ltext26                text26       000000
__Ltext27                text27       000000
__Ltext28                text28       000000
__Ltext29                text29       000000
__Ltext3                 text3        000000
__Ltext30                text30       000000
__Ltext31                text31       000000
__Ltext32                text32       000000
__Ltext33                text33       000000
__Ltext34                text34       000000
__Ltext35                text35       000000
__Ltext36                text36       000000
__Ltext37                text37       000000
__Ltext38                text38       000000
__Ltext39                text39       000000
__Ltext4                 text4        000000
__Ltext40                text40       000000
__Ltext5                 text5        000000
__Ltext6                 text6        000000
__Ltext7                 text7        000000
__Ltext8                 text8        000000
__Ltext9                 text9        000000
__S0                     (abs)        0029F6
__S1                     (abs)        000082
__S2                     (abs)        000000
__S4                     (abs)        000000
__S5                     (abs)        000000
___aldiv                 text12       001FEC
___aldiv@counter         cstackCOMRAM 000009
___aldiv@dividend        cstackCOMRAM 000001
___aldiv@divisor         cstackCOMRAM 000005
___aldiv@quotient        cstackCOMRAM 00000B
___aldiv@sign            cstackCOMRAM 00000A
___awmod                 text40       0022B2
___awmod@counter         cstackCOMRAM 00004F
___awmod@dividend        cstackCOMRAM 00004B
___awmod@divisor         cstackCOMRAM 00004D
___awmod@sign            cstackCOMRAM 000050
___fldiv                 text39       0011F4
___fldiv@a               cstackCOMRAM 00002C
___fldiv@aexp            cstackCOMRAM 000040
___fldiv@b               cstackCOMRAM 000028
___fldiv@bexp            cstackCOMRAM 00003F
___fldiv@grs             cstackCOMRAM 00003B
___fldiv@new_exp         cstackCOMRAM 000039
___fldiv@rem             cstackCOMRAM 000034
___fldiv@sign            cstackCOMRAM 000038
___flmul                 text38       000DCA
___flmul@a               cstackCOMRAM 000013
___flmul@aexp            cstackCOMRAM 000020
___flmul@b               cstackCOMRAM 00000F
___flmul@bexp            cstackCOMRAM 000021
___flmul@grs             cstackCOMRAM 00001C
___flmul@prod            cstackCOMRAM 000022
___flmul@sign            cstackCOMRAM 00001B
___flmul@temp            cstackCOMRAM 000026
___fltol                 text37       0020F8
___fltol@exp1            cstackCOMRAM 00004A
___fltol@f1              cstackCOMRAM 000041
___fltol@sign1           cstackCOMRAM 000049
___inthi_sp              stack        000000
___intlo_sp              stack        000000
___lldiv                 text36       002362
___lldiv@counter         cstackCOMRAM 00000D
___lldiv@dividend        cstackCOMRAM 000001
___lldiv@divisor         cstackCOMRAM 000005
___lldiv@quotient        cstackCOMRAM 000009
___llmod                 text35       002406
___llmod@counter         cstackCOMRAM 000016
___llmod@dividend        cstackCOMRAM 00000E
___llmod@divisor         cstackCOMRAM 000012
___lwdiv                 text9        00248E
___lwdiv@counter         cstackCOMRAM 000007
___lwdiv@dividend        cstackCOMRAM 000001
___lwdiv@divisor         cstackCOMRAM 000003
___lwdiv@quotient        cstackCOMRAM 000005
___param_bank            (abs)        000000
___rparam_used           (abs)        000001
___sp                    stack        000000
___wmul                  text8        0028CC
___wmul@multiplicand     cstackCOMRAM 000003
___wmul@multiplier       cstackCOMRAM 000001
___wmul@product          cstackCOMRAM 000005
___xxtofl                text34       001A2A
___xxtofl@arg            cstackCOMRAM 00000B
___xxtofl@exp            cstackCOMRAM 00000A
___xxtofl@sign           cstackCOMRAM 000009
___xxtofl@val            cstackCOMRAM 000001
__accesstop              (abs)        000080
__activetblptr           (abs)        000002
__end_of_PulseClockData  text28       0028CC
__end_of_PulseEnClock    text27       0028A2
__end_of___aldiv         text12       0020F8
__end_of___awmod         text40       002362
__end_of___fldiv         text39       00158E
__end_of___flmul         text38       0011F4
__end_of___fltol         text37       0021FE
__end_of___lldiv         text36       002406
__end_of___llmod         text35       00248E
__end_of___lwdiv         text9        002502
__end_of___wmul          text8        0028F2
__end_of___xxtofl        text34       001BDE
__end_of__initialization cinit        0029AE
__end_of_adcInit         text32       00275C
__end_of_adcRead         text31       0026C6
__end_of_charKey         smallconst   00061B
__end_of_delayMicro      text21       0029F6
__end_of_delayMili       text17       002878
__end_of_digitalRead     text30       001EB4
__end_of_digitalWrite    text29       0017DC
__end_of_kpDebounce      text25       001FEC
__end_of_kpInit          text23       002848
__end_of_kpRead          text22       0029EC
__end_of_lcdChar         text18       00299C
__end_of_lcdCommand      text16       00297E
__end_of_lcdInit         text14       0022B2
__end_of_lcdPosition     text13       002816
__end_of_main            text0        000DCA
__end_of_pinMode         text33       001A2A
__end_of_pulseEnablePin  text20       00279E
__end_of_pushByte        text19       0025C8
__end_of_pushNibble      text15       00293E
__end_of_pwmFrequency    text11       002918
__end_of_pwmInit         text10       0029D2
__end_of_pwmSet          text7        00256E
__end_of_soInit          text24       0027DC
__end_of_soWrite         text26       002714
__end_of_ssdDigit        text6        002620
__end_of_ssdInit         text5        002676
__end_of_ssdUpdate       text4        001D4A
__end_of_timerInit       text3        0029F4
__end_of_timerReset      text2        002960
__end_of_timerWait       text1        0029E2
__end_of_valor           smallconst   000611
__initialization         cinit        00299C
__mediumconst            mediumconst  000000
__pbssBANK0              bssBANK0     000080
__pbssCOMRAM             bssCOMRAM    000075
__pcinit                 cinit        00299C
__pcstackCOMRAM          cstackCOMRAM 000001
__psmallconst            smallconst   000600
__ptext0                 text0        00061C
__ptext1                 text1        0029D2
__ptext10                text10       0029B8
__ptext11                text11       0028F2
__ptext12                text12       001FEC
__ptext13                text13       0027DC
__ptext14                text14       0021FE
__ptext15                text15       002918
__ptext16                text16       002960
__ptext17                text17       002848
__ptext18                text18       00297E
__ptext19                text19       00256E
__ptext2                 text2        00293E
__ptext20                text20       00275C
__ptext21                text21       0029F4
__ptext22                text22       0029E2
__ptext23                text23       002816
__ptext24                text24       00279E
__ptext25                text25       001EB4
__ptext26                text26       0026C6
__ptext27                text27       002878
__ptext28                text28       0028A2
__ptext29                text29       00158E
__ptext3                 text3        0029EC
__ptext30                text30       001D4A
__ptext31                text31       002676
__ptext32                text32       002714
__ptext33                text33       0017DC
__ptext34                text34       001A2A
__ptext35                text35       002406
__ptext36                text36       002362
__ptext37                text37       0020F8
__ptext38                text38       000DCA
__ptext39                text39       0011F4
__ptext4                 text4        001BDE
__ptext40                text40       0022B2
__ptext5                 text5        002620
__ptext6                 text6        0025C8
__ptext7                 text7        002502
__ptext8                 text8        0028CC
__ptext9                 text9        00248E
__ramtop                 ramtop       000600
__size_of_PulseClockData (abs)        000000
__size_of_PulseEnClock   (abs)        000000
__size_of___aldiv        (abs)        000000
__size_of___awmod        (abs)        000000
__size_of___fldiv        (abs)        000000
__size_of___flmul        (abs)        000000
__size_of___fltol        (abs)        000000
__size_of___lldiv        (abs)        000000
__size_of___llmod        (abs)        000000
__size_of___lwdiv        (abs)        000000
__size_of___wmul         (abs)        000000
__size_of___xxtofl       (abs)        000000
__size_of_adcInit        (abs)        000000
__size_of_adcRead        (abs)        000000
__size_of_delayMicro     (abs)        000000
__size_of_delayMili      (abs)        000000
__size_of_digitalRead    (abs)        000000
__size_of_digitalWrite   (abs)        000000
__size_of_kpDebounce     (abs)        000000
__size_of_kpInit         (abs)        000000
__size_of_kpRead         (abs)        000000
__size_of_lcdChar        (abs)        000000
__size_of_lcdCommand     (abs)        000000
__size_of_lcdInit        (abs)        000000
__size_of_lcdPosition    (abs)        000000
__size_of_main           (abs)        000000
__size_of_pinMode        (abs)        000000
__size_of_pulseEnablePin (abs)        000000
__size_of_pushByte       (abs)        000000
__size_of_pushNibble     (abs)        000000
__size_of_pwmFrequency   (abs)        000000
__size_of_pwmInit        (abs)        000000
__size_of_pwmSet         (abs)        000000
__size_of_soInit         (abs)        000000
__size_of_soWrite        (abs)        000000
__size_of_ssdDigit       (abs)        000000
__size_of_ssdInit        (abs)        000000
__size_of_ssdUpdate      (abs)        000000
__size_of_timerInit      (abs)        000000
__size_of_timerReset     (abs)        000000
__size_of_timerWait      (abs)        000000
__smallconst             smallconst   000600
_adcInit                 text32       002714
_adcRead                 text31       002676
_delayMicro              text21       0029F4
_delayMili               text17       002848
_digitalRead             text30       001D4A
_digitalWrite            text29       00158E
_display                 bssCOMRAM    00007D
_keys                    bssCOMRAM    000077
_kpDebounce              text25       001EB4
_kpInit                  text23       002816
_kpRead                  text22       0029E2
_lcdChar                 text18       00297E
_lcdCommand              text16       002960
_lcdInit                 text14       0021FE
_lcdPosition             text13       0027DC
_main                    text0        00061C
_main$1099               cstackCOMRAM 000053
_main$1100               cstackCOMRAM 000069
_pinMode                 text33       0017DC
_pulseEnablePin          text20       00275C
_pushByte                text19       00256E
_pushNibble              text15       002918
_pwmFrequency            text11       0028F2
_pwmInit                 text10       0029B8
_pwmSet                  text7        002502
_soInit                  text24       00279E
_soWrite                 text26       0026C6
_ssdDigit                text6        0025C8
_ssdInit                 text5        002620
_ssdUpdate               text4        001BDE
_timerInit               text3        0029EC
_timerReset              text2        00293E
_timerWait               text1        0029D2
_v0                      bssCOMRAM    00007C
_v1                      bssCOMRAM    00007B
_v2                      bssCOMRAM    00007A
_v3                      bssCOMRAM    000079
_valor                   smallconst   000601
adcRead@ADvalor          cstackCOMRAM 000003
adcRead@channel          cstackCOMRAM 000001
delayMicro@a             cstackCOMRAM 000001
delayMili@a              cstackCOMRAM 000001
delayMili@i              cstackCOMRAM 000004
digitalRead@pin          cstackCOMRAM 000001
digitalWrite@pin         cstackCOMRAM 000001
digitalWrite@value       cstackCOMRAM 000003
end_of_initialization    cinit        0029AE
intlevel0                text         000000
intlevel1                text         000000
intlevel2                text         000000
intlevel3                text         000000
isa$std                  (abs)        000001
isa$xinst                (abs)        000000
kpDebounce@i             cstackCOMRAM 00000D
kpDebounce@newRead       bssCOMRAM    000075
kpDebounce@oldRead       bssBANK0     000080
kpDebounce@tempo         bssCOMRAM    00007E
lcdChar@value            cstackCOMRAM 00000E
lcdCommand@value         cstackCOMRAM 00000E
lcdPosition@col          cstackCOMRAM 000011
lcdPosition@line         cstackCOMRAM 00000F
main@cont                cstackCOMRAM 00006F
main@i                   cstackCOMRAM 000060
main@slot                cstackCOMRAM 00005F
main@t0                  cstackCOMRAM 000057
main@t1                  cstackCOMRAM 000059
main@t2                  cstackCOMRAM 00005B
main@t3                  cstackCOMRAM 00005D
main@tecla               cstackCOMRAM 000073
main@v                   cstackCOMRAM 00006D
main@v0                  cstackCOMRAM 000061
main@v1                  cstackCOMRAM 000063
main@v2                  cstackCOMRAM 000065
main@v3                  cstackCOMRAM 000067
pinMode@pin              cstackCOMRAM 000001
pinMode@type             cstackCOMRAM 000003
pushByte@rs              cstackCOMRAM 00000A
pushByte@value           cstackCOMRAM 00000D
pushNibble@rs            cstackCOMRAM 00000A
pushNibble@value         cstackCOMRAM 00000C
pwmFrequency@freq        cstackCOMRAM 00000F
pwmSet@porcento          cstackCOMRAM 00000A
pwmSet@val               cstackCOMRAM 00000B
soWrite@i                cstackCOMRAM 000009
soWrite@value            cstackCOMRAM 000007
ssdDigit@pos             cstackCOMRAM 000001
ssdDigit@val             cstackCOMRAM 000002
stackhi                  (abs)        0005FF
stacklo                  (abs)        000082
start                    init         000000
start_initialization     cinit        00299C
timerReset@ciclos        cstackCOMRAM 000003
timerReset@tempo         cstackCOMRAM 000001


MODULE INFORMATION

Module		Function		Class		Link	Load	Size
ssd.c
		_ssdInit       		CODE           	2620	0000	86
		_ssdDigit      		CODE           	25C8	0000	88
		_ssdUpdate     		CODE           	1BDE	0000	364

ssd.c estimated size: 538

C:\Program Files\Microchip\xc8\v2.32\pic\sources\c99\common\aldiv.c
		___aldiv       		CODE           	1FEC	0000	268

C:\Program Files\Microchip\xc8\v2.32\pic\sources\c99\common\aldiv.c estimated size: 268

keypad.c
		_kpInit        		CODE           	2816	0000	50
		_kpDebounce    		CODE           	1EB4	0000	312
		_kpRead        		CODE           	29E2	0000	10

keypad.c estimated size: 372

so.c
		_soInit        		CODE           	279E	0000	62
		_soWrite       		CODE           	26C6	0000	78
		_PulseEnClock  		CODE           	2878	0000	42
		_PulseClockData		CODE           	28A2	0000	42

so.c estimated size: 224

io.c
		_digitalRead   		CODE           	1D4A	0000	362
		_digitalWrite  		CODE           	158E	0000	590
		_pinMode       		CODE           	17DC	0000	590

io.c estimated size: 1542

timer.c
		_timerWait     		CODE           	29D2	0000	16
		_timerReset    		CODE           	293E	0000	34
		_timerInit     		CODE           	29EC	0000	8

timer.c estimated size: 58

pwm.c
		_pwmInit       		CODE           	29B8	0000	26
		_pwmFrequency  		CODE           	28F2	0000	38
		_pwmSet        		CODE           	2502	0000	108

pwm.c estimated size: 172

C:\Program Files\Microchip\xc8\v2.32\pic\sources\c99\common\Umul16.c
		___wmul        		CODE           	28CC	0000	38

C:\Program Files\Microchip\xc8\v2.32\pic\sources\c99\common\Umul16.c estimated size: 38

C:\Program Files\Microchip\xc8\v2.32\pic\sources\c99\common\llmod.c
		___llmod       		CODE           	2406	0000	136

C:\Program Files\Microchip\xc8\v2.32\pic\sources\c99\common\llmod.c estimated size: 136

adc.c
		_adcRead       		CODE           	2676	0000	80
		_adcInit       		CODE           	2714	0000	72

adc.c estimated size: 152

shared
		_valor         		SMALLCONST     	0601	0000	16
		_charKey       		SMALLCONST     	0000	0000	0
		__initialization		CODE           	299C	0000	18

shared estimated size: 34

C:\Program Files\Microchip\xc8\v2.32\pic\sources\c99\common\sprcmul.c
		___flmul       		CODE           	0DCA	0000	1066

C:\Program Files\Microchip\xc8\v2.32\pic\sources\c99\common\sprcmul.c estimated size: 1066

C:\Program Files\Microchip\xc8\v2.32\pic\sources\c99\common\awmod.c
		___awmod       		CODE           	22B2	0000	176

C:\Program Files\Microchip\xc8\v2.32\pic\sources\c99\common\awmod.c estimated size: 176

C:\Program Files\Microchip\xc8\v2.32\pic\sources\c99\common\sprcdiv.c
		___fldiv       		CODE           	11F4	0000	922

C:\Program Files\Microchip\xc8\v2.32\pic\sources\c99\common\sprcdiv.c estimated size: 922

C:\Program Files\Microchip\xc8\v2.32\pic\sources\c99\common\lwdiv.c
		___lwdiv       		CODE           	248E	0000	116

C:\Program Files\Microchip\xc8\v2.32\pic\sources\c99\common\lwdiv.c estimated size: 116

lcd.c
		_lcdCommand    		CODE           	2960	0000	30
		_lcdChar       		CODE           	297E	0000	30
		_pulseEnablePin		CODE           	275C	0000	66
		_pushByte      		CODE           	256E	0000	90
		_lcdPosition   		CODE           	27DC	0000	58
		_pushNibble    		CODE           	2918	0000	38
		_lcdInit       		CODE           	21FE	0000	180
		_delayMili     		CODE           	2848	0000	48
		_delayMicro    		CODE           	29F4	0000	2

lcd.c estimated size: 542

C:\Program Files\Microchip\xc8\v2.32\pic\sources\c99\common\fltol.c
		___fltol       		CODE           	20F8	0000	262

C:\Program Files\Microchip\xc8\v2.32\pic\sources\c99\common\fltol.c estimated size: 262

C:\Program Files\Microchip\xc8\v2.32\pic\sources\c99\common\xxtofl.c
		___xxtofl      		CODE           	1A2A	0000	436

C:\Program Files\Microchip\xc8\v2.32\pic\sources\c99\common\xxtofl.c estimated size: 436

C:\Program Files\Microchip\xc8\v2.32\pic\sources\c99\common\__lldiv.c
		___lldiv       		CODE           	2362	0000	164

C:\Program Files\Microchip\xc8\v2.32\pic\sources\c99\common\__lldiv.c estimated size: 164

main.c
		_main          		CODE           	061C	0000	1966

main.c estimated size: 1966

